// Jest Snapshot v1, https://goo.gl/fbAQLP

exports[`should render expense list when expenses is not passed 1`] = `
<div>
  <h1>
    Expense List
  </h1>
  <p>
    No Expense
  </p>
</div>
`;

exports[`should render expense list when expenses is passed 1`] = `
<div>
  <h1>
    Expense List
  </h1>
  <ExpenseListItem
    amount={195}
    createdAt={0}
    description="Gur"
    id="1"
    key="1"
    note=""
  />
  <ExpenseListItem
    amount={10950}
    createdAt={-345600000}
    description="Rent"
    id="2"
    key="2"
    note=""
  />
  <ExpenseListItem
    amount={4500}
    createdAt={259200000}
    description="Credit Card"
    id="3"
    key="3"
    note=""
  />
</div>
`;
